package foo

type foo struct {
	foo_bar string `json:"foo_bar"`
}
